nohup: ignoring input
Drklinik client baslatiliyor...
Dump dizini: /var/www/www-root/data/www/randevumceptetest/storage/app/drklinik/20260526_222751
Login deneniyor...
Login sonuc: OK - webforms
Detay: Login OK. Son URL: https://uygulama.drklinik.net/default.aspx?v=2026526222751642
Verify aktif: /tmp/drk_verify_362.csv
Satis+Tahsilat: 2024-01-01 - 2026-12-31
Musid toplama 1/2: musterilistesi.aspx (TUM musteriler)...
  musterilistesi.aspx: 0 unique musid
Musid toplama 2/2: randevu listesi (tarih araligi - ek olarak)...
  ..hafta 20 unique musid: 0
  ..hafta 40 unique musid: 404
  ..hafta 60 unique musid: 894
  ..hafta 80 unique musid: 1347
  ..hafta 100 unique musid: 1767
  ..hafta 120 unique musid: 2183
  ..hafta 140 unique musid: 2335
  randevu listesinden ek: 2335 musid
Toplam unique musid: 2335
  ..musteri 50/2335 satis=130 tahsilat=0 relink=0 prop=0 seans=1792
  ..musteri 100/2335 satis=286 tahsilat=0 relink=0 prop=0 seans=3025
  ..musteri 150/2335 satis=442 tahsilat=0 relink=0 prop=0 seans=4131
  ..musteri 200/2335 satis=580 tahsilat=0 relink=0 prop=0 seans=5039
  ..musteri 250/2335 satis=699 tahsilat=0 relink=0 prop=0 seans=5267
  ..musteri 300/2335 satis=791 tahsilat=0 relink=0 prop=0 seans=5870
  ..musteri 350/2335 satis=877 tahsilat=0 relink=0 prop=0 seans=6536
  ..musteri 400/2335 satis=978 tahsilat=0 relink=0 prop=0 seans=6965
  ..musteri 450/2335 satis=1058 tahsilat=0 relink=0 prop=0 seans=7493
  ..musteri 500/2335 satis=1116 tahsilat=0 relink=0 prop=0 seans=7548
  ..musteri 550/2335 satis=1227 tahsilat=0 relink=0 prop=0 seans=7733
  ..musteri 600/2335 satis=1289 tahsilat=0 relink=0 prop=0 seans=8561
  ..musteri 650/2335 satis=1354 tahsilat=0 relink=0 prop=0 seans=9200
  ..musteri 700/2335 satis=1452 tahsilat=0 relink=0 prop=0 seans=9422
  ..musteri 750/2335 satis=1542 tahsilat=0 relink=0 prop=0 seans=9544
  ..musteri 800/2335 satis=1635 tahsilat=0 relink=0 prop=0 seans=10597
  ..musteri 850/2335 satis=1743 tahsilat=0 relink=0 prop=0 seans=11491
  ..musteri 900/2335 satis=1802 tahsilat=0 relink=0 prop=0 seans=11619
  ..musteri 950/2335 satis=1902 tahsilat=0 relink=0 prop=0 seans=12220
  ..musteri 1000/2335 satis=1955 tahsilat=0 relink=0 prop=0 seans=12566
  ..musteri 1050/2335 satis=2051 tahsilat=0 relink=0 prop=0 seans=12904
  ..musteri 1100/2335 satis=2156 tahsilat=0 relink=0 prop=0 seans=13770
  ..musteri 1150/2335 satis=2242 tahsilat=0 relink=0 prop=0 seans=14592
  ..musteri 1200/2335 satis=2324 tahsilat=0 relink=0 prop=0 seans=15047
  ..musteri 1250/2335 satis=2424 tahsilat=0 relink=0 prop=0 seans=15482
  ..musteri 1300/2335 satis=2507 tahsilat=0 relink=0 prop=0 seans=15755
  ..musteri 1350/2335 satis=2564 tahsilat=0 relink=0 prop=0 seans=15903
  ..musteri 1400/2335 satis=2631 tahsilat=0 relink=0 prop=0 seans=16376
  ..musteri 1450/2335 satis=2720 tahsilat=0 relink=0 prop=0 seans=16874
  ..musteri 1500/2335 satis=2792 tahsilat=0 relink=0 prop=0 seans=17001
  ..musteri 1550/2335 satis=2874 tahsilat=0 relink=0 prop=0 seans=17521
  ..musteri 1600/2335 satis=2953 tahsilat=0 relink=0 prop=0 seans=18080
  ..musteri 1650/2335 satis=3036 tahsilat=0 relink=0 prop=0 seans=18576
  ..musteri 1700/2335 satis=3112 tahsilat=0 relink=0 prop=0 seans=19109
  ..musteri 1750/2335 satis=3196 tahsilat=0 relink=0 prop=0 seans=19869
  ..musteri 1800/2335 satis=3291 tahsilat=0 relink=0 prop=0 seans=20377
  ..musteri 1850/2335 satis=3362 tahsilat=0 relink=0 prop=0 seans=20750
  ..musteri 1900/2335 satis=3459 tahsilat=0 relink=0 prop=0 seans=21469
  ..musteri 1950/2335 satis=3549 tahsilat=0 relink=0 prop=0 seans=21942
  ..musteri 2000/2335 satis=3608 tahsilat=0 relink=0 prop=0 seans=22082
  ..musteri 2050/2335 satis=3662 tahsilat=0 relink=0 prop=0 seans=22251
  ..musteri 2100/2335 satis=3708 tahsilat=0 relink=0 prop=0 seans=22327
  ..musteri 2150/2335 satis=3775 tahsilat=0 relink=0 prop=0 seans=22949
  ..musteri 2200/2335 satis=3835 tahsilat=0 relink=0 prop=0 seans=23845
  ..musteri 2250/2335 satis=3910 tahsilat=0 relink=0 prop=0 seans=24359
  ..musteri 2300/2335 satis=3972 tahsilat=0 relink=0 prop=0 seans=25100
Aktarim tamam: satis=4009, tahsilat=0, tahsilat_relink=0, tahsilat_propagate=0, seans_dusumu=25272
Tamam. Ozet: {"hizmet":0,"personel":0,"urun":0,"oda":0,"musteri":0,"randevu":10701,"satis":4009,"tahsilat":0,"skipped":0,"seans_dusumu":25272}
Verify ozet: OK=2918 FARK=165 EKSIK_DB=11
CSV: /tmp/drk_verify_362.csv
