nohup: ignoring input
Drklinik client baslatiliyor...
Dump dizini: /var/www/www-root/data/www/randevumceptetest/storage/app/drklinik/20260524_114600
Login deneniyor...
Login sonuc: OK - webforms
Detay: Login OK. Son URL: https://uygulama.drklinik.net/default.aspx?v=202652411460589
Giderler cekiliyor: 2024-06-01 - 2026-12-31 ...
Gider import bitti: eklenen=0, atlanan=579
Satis+Tahsilat: 2024-06-01 - 2026-12-31
Musid toplama 1/2: musterilistesi.aspx (TUM musteriler)...
  musterilistesi.aspx: 0 unique musid
Musid toplama 2/2: randevu listesi (tarih araligi - ek olarak)...
  ..hafta 20 unique musid: 466
  ..hafta 40 unique musid: 925
  ..hafta 60 unique musid: 1396
  ..hafta 80 unique musid: 1804
  ..hafta 100 unique musid: 2245
  ..hafta 120 unique musid: 2340
  randevu listesinden ek: 2340 musid
Toplam unique musid: 2340
  ..musteri 50/2340 satis=130 tahsilat=7 relink=0 prop=7 seans=593
  ..musteri 100/2340 satis=285 tahsilat=13 relink=0 prop=13 seans=1034
  ..musteri 150/2340 satis=440 tahsilat=19 relink=0 prop=19 seans=1551
  ..musteri 200/2340 satis=578 tahsilat=31 relink=0 prop=31 seans=1811
  ..musteri 250/2340 satis=697 tahsilat=35 relink=0 prop=35 seans=2017
  ..musteri 300/2340 satis=789 tahsilat=36 relink=0 prop=36 seans=2201
  ..musteri 350/2340 satis=875 tahsilat=37 relink=0 prop=37 seans=2408
  ..musteri 400/2340 satis=976 tahsilat=41 relink=0 prop=41 seans=2568
  ..musteri 450/2340 satis=1056 tahsilat=41 relink=0 prop=41 seans=2705
  ..musteri 500/2340 satis=1114 tahsilat=45 relink=0 prop=45 seans=2772
  ..musteri 550/2340 satis=1225 tahsilat=45 relink=0 prop=45 seans=2919
  ..musteri 600/2340 satis=1285 tahsilat=45 relink=0 prop=45 seans=3117
  ..musteri 650/2340 satis=1352 tahsilat=47 relink=0 prop=47 seans=3253
  ..musteri 700/2340 satis=1450 tahsilat=47 relink=0 prop=47 seans=3338
  ..musteri 750/2340 satis=1540 tahsilat=49 relink=0 prop=49 seans=3443
  ..musteri 800/2340 satis=1633 tahsilat=57 relink=0 prop=57 seans=3984
  ..musteri 850/2340 satis=1741 tahsilat=59 relink=0 prop=59 seans=4266
  ..musteri 900/2340 satis=1800 tahsilat=61 relink=0 prop=61 seans=4347
  ..musteri 950/2340 satis=1900 tahsilat=64 relink=0 prop=64 seans=4562
  ..musteri 1000/2340 satis=1953 tahsilat=67 relink=0 prop=67 seans=4650
  ..musteri 1050/2340 satis=2049 tahsilat=73 relink=0 prop=73 seans=4766
  ..musteri 1100/2340 satis=2154 tahsilat=86 relink=0 prop=86 seans=5034
  ..musteri 1150/2340 satis=2240 tahsilat=87 relink=0 prop=87 seans=5391
  ..musteri 1200/2340 satis=2322 tahsilat=88 relink=0 prop=88 seans=5578
  ..musteri 1250/2340 satis=2422 tahsilat=90 relink=0 prop=90 seans=5770
  ..musteri 1300/2340 satis=2505 tahsilat=93 relink=0 prop=93 seans=5899
  ..musteri 1350/2340 satis=2562 tahsilat=93 relink=0 prop=93 seans=5959
  ..musteri 1400/2340 satis=2628 tahsilat=94 relink=0 prop=94 seans=6156
  ..musteri 1450/2340 satis=2728 tahsilat=97 relink=0 prop=97 seans=6326
  ..musteri 1500/2340 satis=2799 tahsilat=99 relink=0 prop=99 seans=6405
  ..musteri 1550/2340 satis=2879 tahsilat=102 relink=0 prop=102 seans=6561
  ..musteri 1600/2340 satis=2963 tahsilat=110 relink=0 prop=110 seans=6734
  ..musteri 1650/2340 satis=3027 tahsilat=121 relink=0 prop=121 seans=6929
  ..musteri 1700/2340 satis=3104 tahsilat=126 relink=0 prop=126 seans=7149
  ..musteri 1750/2340 satis=3194 tahsilat=153 relink=0 prop=153 seans=7482
  ..musteri 1800/2340 satis=3285 tahsilat=174 relink=0 prop=174 seans=7830
  ..musteri 1850/2340 satis=3361 tahsilat=191 relink=0 prop=191 seans=8037
  ..musteri 1900/2340 satis=3429 tahsilat=206 relink=0 prop=206 seans=8276
  ..musteri 1950/2340 satis=3547 tahsilat=256 relink=0 prop=256 seans=8668
  ..musteri 2000/2340 satis=3600 tahsilat=282 relink=0 prop=282 seans=8752
  ..musteri 2050/2340 satis=3656 tahsilat=321 relink=0 prop=321 seans=8871
  ..musteri 2100/2340 satis=3701 tahsilat=353 relink=0 prop=353 seans=8925
  ..musteri 2150/2340 satis=3768 tahsilat=398 relink=0 prop=398 seans=9102
  ..musteri 2200/2340 satis=3829 tahsilat=441 relink=0 prop=441 seans=9594
  ..musteri 2250/2340 satis=3899 tahsilat=489 relink=0 prop=489 seans=9857
  ..musteri 2300/2340 satis=3962 tahsilat=531 relink=0 prop=531 seans=10290
Aktarim tamam: satis=4003, tahsilat=547, tahsilat_relink=0, tahsilat_propagate=547, seans_dusumu=10498
Tamam. Ozet: {"hizmet":14,"personel":0,"urun":0,"oda":0,"musteri":0,"randevu":10660,"satis":4003,"tahsilat":547,"skipped":0,"gider":0,"gider_skip":579,"seans_dusumu":10498,"seans_silinen":10477,"tahsilat_propagate":547}
