[2026-06-06 15:12:07] local.INFO: takvim değiştir metodu çalıştı  
[2026-06-06 15:12:07] local.INFO: randevu yükleme başladı  
[2026-06-06 15:12:07] local.INFO: takvim değiştir metodu çalıştı  
[2026-06-06 15:12:07] local.INFO: randevu yükleme başladı  
[2026-06-06 15:12:08] local.INFO: randevu yükleme bitti  
[2026-06-06 15:12:09] local.INFO: randevu yükleme başladı  
[2026-06-06 15:12:09] local.INFO: randevu yükleme bitti  
[2026-06-06 15:12:09] local.INFO: takvim değiştir metodu çalıştı  
[2026-06-06 15:12:09] local.INFO: randevu yükleme başladı  
[2026-06-06 15:12:09] local.INFO: takvim değiştir metodu çalıştı  
[2026-06-06 15:12:09] local.INFO: randevu yükleme başladı  
[2026-06-06 15:12:10] local.INFO: takvim değiştir metodu çalıştı  
[2026-06-06 15:12:10] local.INFO: randevu yükleme başladı  
[2026-06-06 15:12:10] local.INFO: randevu yükleme bitti  
[2026-06-06 15:12:11] local.INFO: randevu yükleme bitti  
[2026-06-06 15:12:11] local.INFO: randevu yükleme bitti  
[2026-06-06 15:12:11] local.INFO: randevu yükleme bitti  
[2026-06-06 15:12:12] local.INFO: [WA] http istek {"method":"GET","url":"http://127.0.0.1:3001/session/331/status","status":200,"sure_ms":2,"body_kb":0.11} 
[2026-06-06 15:12:13] local.INFO: [WA] http istek {"method":"GET","url":"http://127.0.0.1:3001/session/331/status","status":200,"sure_ms":1,"body_kb":0.11} 
[2026-06-06 15:12:13] local.ERROR: Method App\Http\Controllers\StoreAdminController::whatsappKonumKaydet does not exist. {"exception":"[object] (BadMethodCallException(code: 0): Method App\\Http\\Controllers\\StoreAdminController::whatsappKonumKaydet does not exist. at /var/www/www-root/data/www/randevumcepte/vendor/laravel/framework/src/Illuminate/Routing/Controller.php:68)
[stacktrace]
#0 [internal function]: Illuminate\\Routing\\Controller->__call('whatsappKonumKa...', Array)
#1 /var/www/www-root/data/www/randevumcepte/vendor/laravel/framework/src/Illuminate/Routing/Controller.php(54): call_user_func_array(Array, Array)
#2 /var/www/www-root/data/www/randevumcepte/vendor/laravel/framework/src/Illuminate/Routing/ControllerDispatcher.php(45): Illuminate\\Routing\\Controller->callAction('whatsappKonumKa...', Array)
#3 /var/www/www-root/data/www/randevumcepte/vendor/laravel/framework/src/Illuminate/Routing/Route.php(212): Illuminate\\Routing\\ControllerDispatcher->dispatch(Object(Illuminate\\Routing\\Route), Object(App\\Http\\Controllers\\StoreAdminController), 'whatsappKonumKa...')
#4 /var/www/www-root/data/www/randevumcepte/vendor/laravel/framework/src/Illuminate/Routing/Route.php(169): Illuminate\\Routing\\Route->runController()
#5 /var/www/www-root/data/www/randevumcepte/vendor/laravel/framework/src/Illuminate/Routing/Router.php(665): Illuminate\\Routing\\Route->run()
#6 /var/www/www-root/data/www/randevumcepte/vendor/laravel/framework/src/Illuminate/Routing/Pipeline.php(30): Illuminate\\Routing\\Router->Illuminate\\Routing\\{closure}(Object(Illuminate\\Http\\Request))
#7 /var/www/www-root/data/www/randevumcepte/app/Http/Controllers/StoreAdminController.php(170): Illuminate\\Routing\\Pipeline->Illuminate\\Routing\\{closure}(Object(Illuminate\\Http\\Request))
#8 /var/www/www-root/data/www/randevumcepte/vendor/laravel/framework/src/Illuminate/Pipeline/Pipeline.php(133): App\\Http\\Controllers\\StoreAdminController->App\\Http\\Controllers\\{closure}(Object(Illuminate\\Http\\Request), Object(Closure))
#9 /var/www/www-root/data/www/randevumcepte/vendor/laravel/framework/src/Illuminate/Routing/Pipeline.php(53): Illuminate\\Pipeline\\Pipeline->Illuminate\\Pipeline\\{closure}(Object(Illuminate\\Http\\Request))
#10 /var/www/www-root/data/www/randevumcepte/vendor/htmlmin/htmlmin/src/Http/Middleware/MinifyMiddleware.php(55): Illuminate\\Routing\\Pipeline->Illuminate\\Routing\\{closure}(Object(Illuminate\\Http\\Request))
#11 /var/www/www-root/data/www/randevumcepte/vendor/laravel/framework/src/Illuminate/Pipeline/Pipeline.php(151): HTMLMin\\HTMLMin\\Http\\Middleware\\MinifyMiddleware->handle(Object(Illuminate\\Http\\Request), Object(Closure))
#12 /var/www/www-root/data/www/randevumcepte/vendor/laravel/framework/src/Illuminate/Routing/Pipeline.php(53): Illuminate\\Pipeline\\Pipeline->Illuminate\\Pipeline\\{closure}(Object(Illuminate\\Http\\Request))
#13 /var/www/www-root/data/www/randevumcepte/vendor/laravel/framework/src/Illuminate/Routing/Middleware/SubstituteBindings.php(41): Illuminate\\Routing\\Pipeline->Illuminate\\Routing\\{closure}(Object(Illuminate\\Http\\Request))
#14 /var/www/www-root/data/www/randevumcepte/vendor/laravel/framework/src/Illuminate/Pipeline/Pipeline.php(151): Illuminate\\Routing\\Middleware\\SubstituteBindings->handle(Object(Illuminate\\Http\\Request), Object(Closure))
#15 /var/www/www-root/data/www/randevumcepte/vendor/laravel/framework/src/Illuminate/Routing/Pipeline.php(53): Illuminate\\Pipeline\\Pipeline->Illuminate\\Pipeline\\{closure}(Object(Illuminate\\Http\\Request))
#16 /var/www/www-root/data/www/randevumcepte/vendor/laravel/framework/src/Illuminate/Session/Middleware/AuthenticateSession.php(39): Illuminate\\Routing\\Pipeline->Illuminate\\Routing\\{closure}(Object(Illuminate\\Http\\Request))
#17 /var/www/www-root/data/www/randevumcepte/vendor/laravel/framework/src/Illuminate/Pipeline/Pipeline.php(151): Illuminate\\Session\\Middleware\\AuthenticateSession->handle(Object(Illuminate\\Http\\Request), Object(Closure))
#18 /var/www/www-root/data/www/randevumcepte/vendor/laravel/framework/src/Illuminate/Routing/Pipeline.php(53): Illuminate\\Pipeline\\Pipeline->Illuminate\\Pipeline\\{closure}(Object(Illuminate\\Http\\Request))
#19 /var/www/www-root/data/www/randevumcepte/vendor/laravel/framework/src/Illuminate/Foundation/Http/Middleware/VerifyCsrfToken.php(68): Illuminate\\Routing\\Pipeline->Illuminate\\Routing\\{closure}(Object(Illuminate\\Http\\Request))
#20 /var/www/www-root/data/www/randevumcepte/vendor/laravel/framework/src/Illuminate/Pipeline/Pipeline.php(151): Illuminate\\Foundation\\Http\\Middleware\\VerifyCsrfToken->handle(Object(Illuminate\\Http\\Request), Object(Closure))
#21 /var/www/www-root/data/www/randevumcepte/vendor/laravel/framework/src/Illuminate/Routing/Pipeline.php(53): Illuminate\\Pipeline\\Pipeline->Illuminate\\Pipeline\\{closure}(Object(Illuminate\\Http\\Request))
#22 /var/www/www-root/data/www/randevumcepte/vendor/laravel/framework/src/Illuminate/View/Middleware/ShareErrorsFromSession.php(49): Illuminate\\Routing\\Pipeline->Illuminate\\Routing\\{closure}(Object(Illuminate\\Http\\Request))
#23 /var/www/www-root/data/www/randevumcepte/vendor/laravel/framework/src/Illuminate/Pipeline/Pipeline.php(151): Illuminate\\View\\Middleware\\ShareErrorsFromSession->handle(Object(Illuminate\\Http\\Request), Object(Closure))
#24 /var/www/www-root/data/www/randevumcepte/vendor/laravel/framework/src/Illuminate/Routing/Pipeline.php(53): Illuminate\\Pipeline\\Pipeline->Illuminate\\Pipeline\\{closure}(Object(Illuminate\\Http\\Request))
#25 /var/www/www-root/data/www/randevumcepte/vendor/laravel/framework/src/Illuminate/Session/Middleware/StartSession.php(63): Illuminate\\Routing\\Pipeline->Illuminate\\Routing\\{closure}(Object(Illuminate\\Http\\Request))
#26 /var/www/www-root/data/www/randevumcepte/vendor/laravel/framework/src/Illuminate/Pipeline/Pipeline.php(151): Illuminate\\Session\\Middleware\\StartSession->handle(Object(Illuminate\\Http\\Request), Object(Closure))
#27 /var/www/www-root/data/www/randevumcepte/vendor/laravel/framework/src/Illuminate/Routing/Pipeline.php(53): Illuminate\\Pipeline\\Pipeline->Illuminate\\Pipeline\\{closure}(Object(Illuminate\\Http\\Request))
#28 /var/www/www-root/data/www/randevumcepte/vendor/laravel/framework/src/Illuminate/Cookie/Middleware/AddQueuedCookiesToResponse.php(37): Illuminate\\Routing\\Pipeline->Illuminate\\Routing\\{closure}(Object(Illuminate\\Http\\Request))
#29 /var/www/www-root/data/www/randevumcepte/vendor/laravel/framework/src/Illuminate/Pipeline/Pipeline.php(151): Illuminate\\Cookie\\Middleware\\AddQueuedCookiesToResponse->handle(Object(Illuminate\\Http\\Request), Object(Closure))
#30 /var/www/www-root/data/www/randevumcepte/vendor/laravel/framework/src/Illuminate/Routing/Pipeline.php(53): Illuminate\\Pipeline\\Pipeline->Illuminate\\Pipeline\\{closure}(Object(Illuminate\\Http\\Request))
#31 /var/www/www-root/data/www/randevumcepte/vendor/laravel/framework/src/Illuminate/Cookie/Middleware/EncryptCookies.php(66): Illuminate\\Routing\\Pipeline->Illuminate\\Routing\\{closure}(Object(Illuminate\\Http\\Request))
#32 /var/www/www-root/data/www/randevumcepte/vendor/laravel/framework/src/Illuminate/Pipeline/Pipeline.php(151): Illuminate\\Cookie\\Middleware\\EncryptCookies->handle(Object(Illuminate\\Http\\Request), Object(Closure))
#33 /var/www/www-root/data/www/randevumcepte/vendor/laravel/framework/src/Illuminate/Routing/Pipeline.php(53): Illuminate\\Pipeline\\Pipeline->Illuminate\\Pipeline\\{closure}(Object(Illuminate\\Http\\Request))
#34 /var/www/www-root/data/www/randevumcepte/app/Http/Middleware/LogRequestPerformance.php(13): Illuminate\\Routing\\Pipeline->Illuminate\\Routing\\{closure}(Object(Illuminate\\Http\\Request))
#35 /var/www/www-root/data/www/randevumcepte/vendor/laravel/framework/src/Illuminate/Pipeline/Pipeline.php(151): App\\Http\\Middleware\\LogRequestPerformance->handle(Object(Illuminate\\Http\\Request), Object(Closure))
#36 /var/www/www-root/data/www/randevumcepte/vendor/laravel/framework/src/Illuminate/Routing/Pipeline.php(53): Illuminate\\Pipeline\\Pipeline->Illuminate\\Pipeline\\{closure}(Object(Illuminate\\Http\\Request))
#37 /var/www/www-root/data/www/randevumcepte/vendor/laravel/framework/src/Illuminate/Pipeline/Pipeline.php(104): Illuminate\\Routing\\Pipeline->Illuminate\\Routing\\{closure}(Object(Illuminate\\Http\\Request))
#38 /var/www/www-root/data/www/randevumcepte/vendor/laravel/framework/src/Illuminate/Routing/Router.php(667): Illuminate\\Pipeline\\Pipeline->then(Object(Closure))
#39 /var/www/www-root/data/www/randevumcepte/vendor/laravel/framework/src/Illuminate/Routing/Router.php(642): Illuminate\\Routing\\Router->runRouteWithinStack(Object(Illuminate\\Routing\\Route), Object(Illuminate\\Http\\Request))
#40 /var/www/www-root/data/www/randevumcepte/vendor/laravel/framework/src/Illuminate/Routing/Router.php(608): Illuminate\\Routing\\Router->runRoute(Object(Illuminate\\Http\\Request), Object(Illuminate\\Routing\\Route))
#41 /var/www/www-root/data/www/randevumcepte/vendor/laravel/framework/src/Illuminate/Routing/Router.php(597): Illuminate\\Routing\\Router->dispatchToRoute(Object(Illuminate\\Http\\Request))
#42 /var/www/www-root/data/www/randevumcepte/vendor/laravel/framework/src/Illuminate/Foundation/Http/Kernel.php(176): Illuminate\\Routing\\Router->dispatch(Object(Illuminate\\Http\\Request))
#43 /var/www/www-root/data/www/randevumcepte/vendor/laravel/framework/src/Illuminate/Routing/Pipeline.php(30): Illuminate\\Foundation\\Http\\Kernel->Illuminate\\Foundation\\Http\\{closure}(Object(Illuminate\\Http\\Request))
#44 /var/www/www-root/data/www/randevumcepte/vendor/barryvdh/laravel-debugbar/src/Middleware/InjectDebugbar.php(58): Illuminate\\Routing\\Pipeline->Illuminate\\Routing\\{closure}(Object(Illuminate\\Http\\Request))
#45 /var/www/www-root/data/www/randevumcepte/vendor/laravel/framework/src/Illuminate/Pipeline/Pipeline.php(151): Barryvdh\\Debugbar\\Middleware\\InjectDebugbar->handle(Object(Illuminate\\Http\\Request), Object(Closure))
#46 /var/www/www-root/data/www/randevumcepte/vendor/laravel/framework/src/Illuminate/Routing/Pipeline.php(53): Illuminate\\Pipeline\\Pipeline->Illuminate\\Pipeline\\{closure}(Object(Illuminate\\Http\\Request))
#47 /var/www/www-root/data/www/randevumcepte/vendor/laravel/framework/src/Illuminate/Foundation/Http/Middleware/TransformsRequest.php(31): Illuminate\\Routing\\Pipeline->Illuminate\\Routing\\{closure}(Object(Illuminate\\Http\\Request))
#48 /var/www/www-root/data/www/randevumcepte/vendor/laravel/framework/src/Illuminate/Pipeline/Pipeline.php(151): Illuminate\\Foundation\\Http\\Middleware\\TransformsRequest->handle(Object(Illuminate\\Http\\Request), Object(Closure))
#49 /var/www/www-root/data/www/randevumcepte/vendor/laravel/framework/src/Illuminate/Routing/Pipeline.php(53): Illuminate\\Pipeline\\Pipeline->Illuminate\\Pipeline\\{closure}(Object(Illuminate\\Http\\Request))
#50 /var/www/www-root/data/www/randevumcepte/vendor/laravel/framework/src/Illuminate/Foundation/Http/Middleware/TransformsRequest.php(31): Illuminate\\Routing\\Pipeline->Illuminate\\Routing\\{closure}(Object(Illuminate\\Http\\Request))
#51 /var/www/www-root/data/www/randevumcepte/vendor/laravel/framework/src/Illuminate/Pipeline/Pipeline.php(151): Illuminate\\Foundation\\Http\\Middleware\\TransformsRequest->handle(Object(Illuminate\\Http\\Request), Object(Closure))
#52 /var/www/www-root/data/www/randevumcepte/vendor/laravel/framework/src/Illuminate/Routing/Pipeline.php(53): Illuminate\\Pipeline\\Pipeline->Illuminate\\Pipeline\\{closure}(Object(Illuminate\\Http\\Request))
#53 /var/www/www-root/data/www/randevumcepte/vendor/laravel/framework/src/Illuminate/Foundation/Http/Middleware/ValidatePostSize.php(27): Illuminate\\Routing\\Pipeline->Illuminate\\Routing\\{closure}(Object(Illuminate\\Http\\Request))
#54 /var/www/www-root/data/www/randevumcepte/vendor/laravel/framework/src/Illuminate/Pipeline/Pipeline.php(151): Illuminate\\Foundation\\Http\\Middleware\\ValidatePostSize->handle(Object(Illuminate\\Http\\Request), Object(Closure))
#55 /var/www/www-root/data/www/randevumcepte/vendor/laravel/framework/src/Illuminate/Routing/Pipeline.php(53): Illuminate\\Pipeline\\Pipeline->Illuminate\\Pipeline\\{closure}(Object(Illuminate\\Http\\Request))
#56 /var/www/www-root/data/www/randevumcepte/vendor/laravel/framework/src/Illuminate/Foundation/Http/Middleware/CheckForMaintenanceMode.php(62): Illuminate\\Routing\\Pipeline->Illuminate\\Routing\\{closure}(Object(Illuminate\\Http\\Request))
#57 /var/www/www-root/data/www/randevumcepte/vendor/laravel/framework/src/Illuminate/Pipeline/Pipeline.php(151): Illuminate\\Foundation\\Http\\Middleware\\CheckForMaintenanceMode->handle(Object(Illuminate\\Http\\Request), Object(Closure))
#58 /var/www/www-root/data/www/randevumcepte/vendor/laravel/framework/src/Illuminate/Routing/Pipeline.php(53): Illuminate\\Pipeline\\Pipeline->Illuminate\\Pipeline\\{closure}(Object(Illuminate\\Http\\Request))
#59 /var/www/www-root/data/www/randevumcepte/vendor/laravel/framework/src/Illuminate/Pipeline/Pipeline.php(104): Illuminate\\Routing\\Pipeline->Illuminate\\Routing\\{closure}(Object(Illuminate\\Http\\Request))
#60 /var/www/www-root/data/www/randevumcepte/vendor/laravel/framework/src/Illuminate/Foundation/Http/Kernel.php(151): Illuminate\\Pipeline\\Pipeline->then(Object(Closure))
#61 /var/www/www-root/data/www/randevumcepte/vendor/laravel/framework/src/Illuminate/Foundation/Http/Kernel.php(116): Illuminate\\Foundation\\Http\\Kernel->sendRequestThroughRouter(Object(Illuminate\\Http\\Request))
#62 /var/www/www-root/data/www/randevumcepte/public/index.php(52): Illuminate\\Foundation\\Http\\Kernel->handle(Object(Illuminate\\Http\\Request))
#63 /var/www/www-root/data/www/randevumcepte/index.php(20): require_once('/var/www/www-ro...')
#64 {main}
"} 
[2026-06-06 15:12:16] local.INFO: randevu hatırlatma araması kontrolü başlatıldı.  
[2026-06-06 15:12:17] local.INFO: [WA] http istek {"method":"GET","url":"http://127.0.0.1:3001/session/331/status","status":200,"sure_ms":1,"body_kb":0.11} 
[2026-06-06 15:12:17] local.INFO: takvim değiştir metodu çalıştı  
[2026-06-06 15:12:17] local.INFO: randevu yükleme başladı  
[2026-06-06 15:12:17] local.INFO: takvim değiştir metodu çalıştı  
[2026-06-06 15:12:17] local.INFO: randevu yükleme başladı  
[2026-06-06 15:12:18] local.INFO: randevu yükleme bitti  
[2026-06-06 15:12:18] local.INFO: randevu yükleme bitti  
[2026-06-06 15:12:19] local.INFO: takvim değiştir metodu çalıştı  
[2026-06-06 15:12:19] local.INFO: randevu yükleme başladı  
[2026-06-06 15:12:19] local.INFO: takvim değiştir metodu çalıştı  
[2026-06-06 15:12:19] local.INFO: randevu yükleme başladı  
[2026-06-06 15:12:19] local.INFO: takvim değiştir metodu çalıştı  
[2026-06-06 15:12:19] local.INFO: randevu yükleme başladı  
[2026-06-06 15:12:20] local.INFO: takvim değiştir metodu çalıştı  
[2026-06-06 15:12:20] local.INFO: randevu yükleme başladı  
[2026-06-06 15:12:20] local.INFO: [WA] http istek {"method":"GET","url":"http://127.0.0.1:3001/session/331/status","status":200,"sure_ms":1,"body_kb":0.11} 
[2026-06-06 15:12:21] local.INFO: randevu yükleme bitti  
[2026-06-06 15:12:21] local.INFO: randevu yükleme bitti  
[2026-06-06 15:12:21] local.INFO: randevu yükleme bitti  
[2026-06-06 15:12:22] local.INFO: randevu yükleme bitti  
[2026-06-06 15:12:23] local.INFO: takvim değiştir metodu çalıştı  
[2026-06-06 15:12:23] local.INFO: randevu yükleme başladı  
[2026-06-06 15:12:25] local.INFO: [WA] http istek {"method":"GET","url":"http://127.0.0.1:3001/session/331/status","status":200,"sure_ms":1,"body_kb":0.11} 
[2026-06-06 15:12:25] local.INFO: randevu yükleme bitti  
[2026-06-06 15:12:25] local.INFO: takvim değiştir metodu çalıştı  
[2026-06-06 15:12:25] local.INFO: randevu yükleme başladı  
[2026-06-06 15:12:26] local.INFO: randevu yükleme bitti  
[2026-06-06 15:12:27] local.INFO: takvim değiştir metodu çalıştı  
[2026-06-06 15:12:27] local.INFO: randevu yükleme başladı  
[2026-06-06 15:12:27] local.INFO: takvim değiştir metodu çalıştı  
[2026-06-06 15:12:27] local.INFO: randevu yükleme başladı  
[2026-06-06 15:12:28] local.INFO: randevu yükleme bitti  
[2026-06-06 15:12:28] local.INFO: [WA] http istek {"method":"GET","url":"http://127.0.0.1:3001/session/331/status","status":200,"sure_ms":1,"body_kb":0.11} 
[2026-06-06 15:12:29] local.INFO: randevu yükleme bitti  
[2026-06-06 15:12:29] local.INFO: takvim değiştir metodu çalıştı  
[2026-06-06 15:12:29] local.INFO: randevu yükleme başladı  
[2026-06-06 15:12:29] local.INFO: takvim değiştir metodu çalıştı  
[2026-06-06 15:12:29] local.INFO: randevu yükleme başladı  
[2026-06-06 15:12:31] local.INFO: randevu yükleme bitti  
[2026-06-06 15:12:31] local.INFO: takvim değiştir metodu çalıştı  
[2026-06-06 15:12:31] local.INFO: randevu yükleme başladı  
[2026-06-06 15:12:31] local.INFO: randevu yükleme bitti  
[2026-06-06 15:12:33] local.INFO: [WA] http istek {"method":"GET","url":"http://127.0.0.1:3001/session/331/status","status":200,"sure_ms":2,"body_kb":0.11} 
[2026-06-06 15:12:33] local.INFO: takvim değiştir metodu çalıştı  
[2026-06-06 15:12:33] local.INFO: randevu yükleme başladı  
[2026-06-06 15:12:33] local.INFO: randevu yükleme bitti  
[2026-06-06 15:12:35] local.INFO: randevu yükleme bitti  
[2026-06-06 15:12:35] local.INFO: takvim değiştir metodu çalıştı  
[2026-06-06 15:12:35] local.INFO: randevu yükleme başladı  
[2026-06-06 15:12:35] local.INFO: randevu hatırlatma araması kontrolü tamamlandı.  
[2026-06-06 15:12:36] local.INFO: 💊 İlaç kontrol zamanı: 15:12  
[2026-06-06 15:12:36] local.INFO: ⏱ Hatırlatma kontrolü: 2026-06-06 15:12  
[2026-06-06 15:12:36] local.INFO: her_gun - 15:12 - ["14:46"]  
[2026-06-06 15:12:36] local.INFO: her_gun - 15:12 - ["17:27"]  
[2026-06-06 15:12:36] local.INFO: her_gun - 15:12 - ["18:06"]  
[2026-06-06 15:12:36] local.INFO: her_gun - 15:12 - ["22:07"]  
[2026-06-06 15:12:36] local.INFO: her_gun - 15:12 - ["22:42"]  
[2026-06-06 15:12:36] local.INFO: haftanin_gunleri - 15:12 - ["00:24"]  
[2026-06-06 15:12:36] local.INFO: her_gun - 15:12 - ["09:00"]  
[2026-06-06 15:12:36] local.INFO: haftanin_gunleri - 15:12 - ["22:26"]  
[2026-06-06 15:12:36] local.INFO: haftanin_gunleri - 15:12 - ["22:52"]  
[2026-06-06 15:12:36] local.INFO: her_gun - 15:12 - ["09:30"]  
[2026-06-06 15:12:36] local.INFO: her_gun - 15:12 - ["09:00"]  
[2026-06-06 15:12:37] local.INFO: [WA] http istek {"method":"GET","url":"http://127.0.0.1:3001/session/331/status","status":200,"sure_ms":1,"body_kb":0.11} 
[2026-06-06 15:12:37] local.INFO: takvim değiştir metodu çalıştı  
[2026-06-06 15:12:37] local.INFO: randevu yükleme başladı  
[2026-06-06 15:12:37] local.INFO: randevu yükleme bitti  
[2026-06-06 15:12:37] local.INFO: takvim değiştir metodu çalıştı  
[2026-06-06 15:12:37] local.INFO: randevu yükleme başladı  
[2026-06-06 15:12:38] local.INFO: randevu yükleme bitti  
[2026-06-06 15:12:39] local.INFO: randevu yükleme bitti  
[2026-06-06 15:12:39] local.INFO: takvim değiştir metodu çalıştı  
[2026-06-06 15:12:39] local.INFO: randevu yükleme başladı  
[2026-06-06 15:12:40] local.INFO: takvim değiştir metodu çalıştı  
[2026-06-06 15:12:40] local.INFO: randevu yükleme başladı  
